// Jest Snapshot v1, https://goo.gl/fbAQLP

exports[`Render Product render correctly Product component 1`] = `undefined`;
